[0m15:02:31.457240 [debug] [MainThread]: Sending event: {'category': 'dbt', 'action': 'invocation', 'label': 'start', 'context': [<snowplow_tracker.self_describing_json.SelfDescribingJson object at 0x0000020637FFE370>, <snowplow_tracker.self_describing_json.SelfDescribingJson object at 0x000002063A2B0EE0>, <snowplow_tracker.self_describing_json.SelfDescribingJson object at 0x000002063A2B0F10>]}


============================== 15:02:31.466303 | 14e28b43-549c-4cdd-a9e6-d5a9f7b7e073 ==============================
[0m15:02:31.466303 [info ] [MainThread]: Running with dbt=1.10.11
[0m15:02:31.466303 [debug] [MainThread]: running dbt with arguments {'warn_error': 'None', 'partial_parse': 'True', 'profiles_dir': 'C:\\Users\\thoma\\.dbt', 'no_print': 'None', 'invocation_command': 'dbt init', 'log_path': 'logs', 'log_format': 'default', 'write_json': 'True', 'indirect_selection': 'eager', 'cache_selected_only': 'False', 'target_path': 'None', 'empty': 'None', 'printer_width': '80', 'use_colors': 'True', 'introspect': 'True', 'fail_fast': 'False', 'send_anonymous_usage_stats': 'True', 'log_cache_events': 'False', 'use_experimental_parser': 'False', 'static_parser': 'True', 'debug': 'False', 'version_check': 'True', 'quiet': 'False', 'warn_error_options': 'WarnErrorOptionsV2(error=[], warn=[], silence=[])'}
[0m15:02:47.491257 [debug] [MainThread]: Starter project path: c:\users\thoma\documents\pbi_git\football_databricks\.venv\lib\site-packages\dbt\include\starter_project
[0m15:02:47.717197 [info ] [MainThread]: 
Your new dbt project "dbt_football_databricks" was created!

For more information on how to configure the profiles.yml file,
please consult the dbt documentation here:

  https://docs.getdbt.com/docs/configure-your-profile

One more thing:

Need help? Don't hesitate to reach out to us via GitHub issues or on Slack:

  https://community.getdbt.com/

Happy modeling!

[0m15:02:47.721227 [info ] [MainThread]: Setting up your profile.
[0m15:03:14.728158 [debug] [MainThread]: Spark adapter: Setting pyhive.hive logging to ERROR
[0m15:03:14.728158 [debug] [MainThread]: Spark adapter: Setting thrift.transport logging to ERROR
[0m15:03:14.728158 [debug] [MainThread]: Spark adapter: Setting thrift.protocol logging to ERROR
[0m15:10:26.533373 [info ] [MainThread]: Profile dbt_football_databricks written to C:\Users\thoma\.dbt\profiles.yml using target's profile_template.yml and your supplied values. Run 'dbt debug' to validate the connection.
[0m15:10:26.539004 [debug] [MainThread]: Command `dbt init` succeeded at 15:10:26.539004 after 475.19 seconds
[0m15:10:26.555859 [debug] [MainThread]: Sending event: {'category': 'dbt', 'action': 'invocation', 'label': 'end', 'context': [<snowplow_tracker.self_describing_json.SelfDescribingJson object at 0x0000020637FFE370>, <snowplow_tracker.self_describing_json.SelfDescribingJson object at 0x000002063A280130>, <snowplow_tracker.self_describing_json.SelfDescribingJson object at 0x000002063B6607F0>]}
[0m15:10:26.555859 [debug] [MainThread]: Flushing usage events
[0m15:10:27.531914 [debug] [MainThread]: An error was encountered while trying to flush usage events
[0m10:22:37.442320 [debug] [MainThread]: Sending event: {'category': 'dbt', 'action': 'invocation', 'label': 'start', 'context': [<snowplow_tracker.self_describing_json.SelfDescribingJson object at 0x00000154520EF220>, <snowplow_tracker.self_describing_json.SelfDescribingJson object at 0x0000015454396040>, <snowplow_tracker.self_describing_json.SelfDescribingJson object at 0x00000154543960A0>]}


============================== 10:22:37.468948 | 98832066-79f1-41fe-ba77-4d58b4a8b849 ==============================
[0m10:22:37.468948 [info ] [MainThread]: Running with dbt=1.10.11
[0m10:22:37.469706 [debug] [MainThread]: running dbt with arguments {'quiet': 'False', 'warn_error': 'None', 'partial_parse': 'True', 'empty': 'False', 'invocation_command': 'dbt build', 'log_path': 'logs', 'write_json': 'True', 'log_format': 'default', 'indirect_selection': 'eager', 'cache_selected_only': 'False', 'target_path': 'None', 'profiles_dir': 'C:\\Users\\thoma\\.dbt', 'printer_width': '80', 'use_colors': 'True', 'introspect': 'True', 'fail_fast': 'False', 'log_cache_events': 'False', 'send_anonymous_usage_stats': 'True', 'use_experimental_parser': 'False', 'static_parser': 'True', 'debug': 'False', 'version_check': 'True', 'no_print': 'None', 'warn_error_options': 'WarnErrorOptionsV2(error=[], warn=[], silence=[])'}
[0m10:22:37.469706 [error] [MainThread]: Encountered an error:
Runtime Error
  No dbt_project.yml found at expected path C:\Users\thoma\Documents\PBI_GIT\football_databricks\dbt_project.yml
  Verify that each entry within packages.yml (and their transitive dependencies) contains a file named dbt_project.yml
  
[0m10:22:37.479505 [debug] [MainThread]: Command `dbt build` failed at 10:22:37.479505 after 0.36 seconds
[0m10:22:37.482104 [debug] [MainThread]: Sending event: {'category': 'dbt', 'action': 'invocation', 'label': 'end', 'context': [<snowplow_tracker.self_describing_json.SelfDescribingJson object at 0x00000154520EF220>, <snowplow_tracker.self_describing_json.SelfDescribingJson object at 0x00000154543960A0>, <snowplow_tracker.self_describing_json.SelfDescribingJson object at 0x00000154543960D0>]}
[0m10:22:37.485074 [debug] [MainThread]: Flushing usage events
[0m10:22:38.036416 [debug] [MainThread]: An error was encountered while trying to flush usage events
[0m14:05:26.992384 [debug] [MainThread]: Sending event: {'category': 'dbt', 'action': 'invocation', 'label': 'start', 'context': [<snowplow_tracker.self_describing_json.SelfDescribingJson object at 0x000001EA8977F190>, <snowplow_tracker.self_describing_json.SelfDescribingJson object at 0x000001EA8BA35F40>, <snowplow_tracker.self_describing_json.SelfDescribingJson object at 0x000001EA8BA35DC0>]}


============================== 14:05:26.998031 | 90113c65-ca6c-492d-be7f-38a64752b7d2 ==============================
[0m14:05:26.998031 [info ] [MainThread]: Running with dbt=1.10.11
[0m14:05:27.008160 [debug] [MainThread]: running dbt with arguments {'no_print': 'None', 'partial_parse': 'True', 'warn_error': 'None', 'empty': 'False', 'invocation_command': 'dbt run --select stg_transfers.sql', 'log_path': 'logs', 'log_format': 'default', 'write_json': 'True', 'indirect_selection': 'eager', 'cache_selected_only': 'False', 'target_path': 'None', 'profiles_dir': 'C:\\Users\\thoma\\.dbt', 'printer_width': '80', 'use_colors': 'True', 'introspect': 'True', 'fail_fast': 'False', 'log_cache_events': 'False', 'send_anonymous_usage_stats': 'True', 'use_experimental_parser': 'False', 'static_parser': 'True', 'debug': 'False', 'version_check': 'True', 'quiet': 'False', 'warn_error_options': 'WarnErrorOptionsV2(error=[], warn=[], silence=[])'}
[0m14:05:27.008160 [error] [MainThread]: Encountered an error:
Runtime Error
  No dbt_project.yml found at expected path C:\Users\thoma\Documents\PBI_GIT\football_databricks\dbt_project.yml
  Verify that each entry within packages.yml (and their transitive dependencies) contains a file named dbt_project.yml
  
[0m14:05:27.014415 [debug] [MainThread]: Command `dbt run` failed at 14:05:27.014415 after 0.14 seconds
[0m14:05:27.016432 [debug] [MainThread]: Sending event: {'category': 'dbt', 'action': 'invocation', 'label': 'end', 'context': [<snowplow_tracker.self_describing_json.SelfDescribingJson object at 0x000001EA8977F190>, <snowplow_tracker.self_describing_json.SelfDescribingJson object at 0x000001EA8BA35FD0>, <snowplow_tracker.self_describing_json.SelfDescribingJson object at 0x000001EA8BA35C40>]}
[0m14:05:27.016432 [debug] [MainThread]: Flushing usage events
[0m14:05:27.520756 [debug] [MainThread]: An error was encountered while trying to flush usage events
[0m12:35:44.227162 [debug] [MainThread]: Sending event: {'category': 'dbt', 'action': 'invocation', 'label': 'start', 'context': [<snowplow_tracker.self_describing_json.SelfDescribingJson object at 0x000001BFDE4A4580>, <snowplow_tracker.self_describing_json.SelfDescribingJson object at 0x000001BFE07550A0>, <snowplow_tracker.self_describing_json.SelfDescribingJson object at 0x000001BFE0755160>]}


============================== 12:35:44.235670 | 1d215c67-eac1-42d6-b8cb-a2abb07035f2 ==============================
[0m12:35:44.235670 [info ] [MainThread]: Running with dbt=1.10.13
[0m12:35:44.236861 [debug] [MainThread]: running dbt with arguments {'warn_error': 'None', 'quiet': 'False', 'use_experimental_parser': 'False', 'profiles_dir': 'C:\\Users\\thoma\\.dbt', 'invocation_command': 'dbt build', 'log_path': 'logs', 'log_format': 'default', 'write_json': 'True', 'indirect_selection': 'eager', 'cache_selected_only': 'False', 'target_path': 'None', 'empty': 'False', 'printer_width': '80', 'use_colors': 'True', 'introspect': 'True', 'fail_fast': 'False', 'log_cache_events': 'False', 'send_anonymous_usage_stats': 'True', 'partial_parse': 'True', 'static_parser': 'True', 'debug': 'False', 'version_check': 'True', 'no_print': 'None', 'warn_error_options': 'WarnErrorOptionsV2(error=[], warn=[], silence=[])'}
[0m12:35:44.236861 [error] [MainThread]: Encountered an error:
Runtime Error
  No dbt_project.yml found at expected path C:\Users\thoma\Documents\PBI_GIT\football_databricks\dbt_project.yml
  Verify that each entry within packages.yml (and their transitive dependencies) contains a file named dbt_project.yml
  
[0m12:35:44.239319 [debug] [MainThread]: Command `dbt build` failed at 12:35:44.237878 after 0.13 seconds
[0m12:35:44.239830 [debug] [MainThread]: Sending event: {'category': 'dbt', 'action': 'invocation', 'label': 'end', 'context': [<snowplow_tracker.self_describing_json.SelfDescribingJson object at 0x000001BFDE4A4580>, <snowplow_tracker.self_describing_json.SelfDescribingJson object at 0x000001BFE0755160>, <snowplow_tracker.self_describing_json.SelfDescribingJson object at 0x000001BFE0755190>]}
[0m12:35:44.239830 [debug] [MainThread]: Flushing usage events
[0m12:35:44.778284 [debug] [MainThread]: An error was encountered while trying to flush usage events
{"data":{"log_version":3,"version":"=2.0.0-preview.200"},"info":{"category":"","code":"A001","extra":{},"invocation_id":"019f8faf-3f91-7f11-93c8-55f3c1f5255f","level":"info","msg":"Running with dbt-fusion=2.0.0-preview.200","name":"MainReportVersion","pid":9568,"thread":"tokio-rt-worker","ts":"2026-07-23T15:54:14.857081Z"}}
{"data":{"args":{"debug":"false","invocation_command":"C:\\Users\\thoma\\.local\\bin\\dbt.exe license info --json --log-format json","log_format":"json","quiet":"false","write_json":"true"}},"info":{"category":"","code":"A002","extra":{},"invocation_id":"019f8faf-3f91-7f11-93c8-55f3c1f5255f","level":"debug","msg":"running dbt-fusion with arguments {\"command\":\"license\",\"vars\":\"{}\",\"limit\":\"10\",\"debug\":false,\"log_format\":\"json\",\"quiet\":false,\"write_json\":true,\"write_catalog\":false,\"manage_state\":false}","name":"MainReportArgs","pid":9568,"thread":"tokio-rt-worker","ts":"2026-07-23T15:54:14.857684Z"}}
{"data":{},"info":{"category":"","code":"","extra":{},"invocation_id":"019f8faf-3f91-7f11-93c8-55f3c1f5255f","level":"debug","msg":"No platform credentials found, skipping remote license","name":"Generic","pid":9568,"thread":"tokio-rt-worker","ts":"2026-07-23T15:54:14.968170Z"}}
{"data":{},"info":{"category":"","code":"","extra":{},"invocation_id":"019f8faf-3f91-7f11-93c8-55f3c1f5255f","level":"debug","msg":"Requesting trial license from https://cloud.getdbt.com/api/private/trial-licenses/","name":"Generic","pid":9568,"thread":"main","ts":"2026-07-23T15:54:17.799534Z"}}
{"data":{},"info":{"category":"","code":"","extra":{},"invocation_id":"019f8faf-3f91-7f11-93c8-55f3c1f5255f","level":"debug","msg":"Trial license retrieved","name":"Generic","pid":9568,"thread":"main","ts":"2026-07-23T15:54:18.151767Z"}}
{"data":{},"info":{"category":"","code":"","extra":{},"invocation_id":"019f8faf-3f91-7f11-93c8-55f3c1f5255f","level":"debug","msg":"License loaded from trial license server","name":"Generic","pid":9568,"thread":"tokio-rt-worker","ts":"2026-07-23T15:54:18.637800Z"}}
{"data":{"columns":[],"is_inline":true,"node_name":"license_info","output_format":"json","preview":"{\n  \"status\": \"valid\",\n  \"licensing_enabled\": true,\n  \"features\": [\n    \"compare\",\n    \"strict-static-analysis\"\n  ],\n  \"issued_at\": \"2026-07-23T15:54:18+00:00\",\n  \"expires_at\": \"2026-08-05T20:37:49+00:00\",\n  \"license_type\": \"trial\",\n  \"machine_id\": \"a3dc093b3d62db1e4562bd1ac58b1d60d2d44c7ec1086e5be854648612b16dc1\",\n  \"days_remaining\": 13,\n  \"trial_start_date\": \"2026-07-22T20:37:49+00:00\"\n}","unique_id":"license.info"},"info":{"category":"","code":"Q041","extra":{},"invocation_id":"019f8faf-3f91-7f11-93c8-55f3c1f5255f","level":"info","msg":"{\n  \"status\": \"valid\",\n  \"licensing_enabled\": true,\n  \"features\": [\n    \"compare\",\n    \"strict-static-analysis\"\n  ],\n  \"issued_at\": \"2026-07-23T15:54:18+00:00\",\n  \"expires_at\": \"2026-08-05T20:37:49+00:00\",\n  \"license_type\": \"trial\",\n  \"machine_id\": \"a3dc093b3d62db1e4562bd1ac58b1d60d2d44c7ec1086e5be854648612b16dc1\",\n  \"days_remaining\": 13,\n  \"trial_start_date\": \"2026-07-22T20:37:49+00:00\"\n}","name":"ShowNode","pid":9568,"thread":"tokio-rt-worker","ts":"2026-07-23T15:54:19.040329Z"}}
{"data":{"completed_at":"2026-07-23T15:54:19.078785Z","elapsed":4.225331783294678,"success":true},"info":{"category":"","code":"Q039","extra":{},"invocation_id":"019f8faf-3f91-7f11-93c8-55f3c1f5255f","level":"info","msg":"\n==================== Execution Summary =====================\nFinished 'license' successfully [4.2s]","name":"CommandCompleted","pid":9568,"thread":"tokio-rt-worker","ts":"2026-07-23T15:54:19.083061Z"}}
{"data":{"log_version":3,"version":"=2.0.0-preview.200"},"info":{"category":"","code":"A001","extra":{},"invocation_id":"019f93d2-1e4c-74b1-aa2e-d47bc327505c","level":"info","msg":"Running with dbt-fusion=2.0.0-preview.200","name":"MainReportVersion","pid":15244,"thread":"tokio-rt-worker","ts":"2026-07-24T11:10:49.321240Z"}}
{"data":{"args":{"debug":"false","invocation_command":"C:\\Users\\thoma\\.local\\bin\\dbt.exe license info --json --log-format json","log_format":"json","quiet":"false","write_json":"true"}},"info":{"category":"","code":"A002","extra":{},"invocation_id":"019f93d2-1e4c-74b1-aa2e-d47bc327505c","level":"debug","msg":"running dbt-fusion with arguments {\"command\":\"license\",\"vars\":\"{}\",\"limit\":\"10\",\"debug\":false,\"log_format\":\"json\",\"quiet\":false,\"write_json\":true,\"write_catalog\":false,\"manage_state\":false}","name":"MainReportArgs","pid":15244,"thread":"tokio-rt-worker","ts":"2026-07-24T11:10:49.321775Z"}}
{"data":{},"info":{"category":"","code":"","extra":{},"invocation_id":"019f93d2-1e4c-74b1-aa2e-d47bc327505c","level":"debug","msg":"No platform credentials found, skipping remote license","name":"Generic","pid":15244,"thread":"tokio-rt-worker","ts":"2026-07-24T11:10:49.401031Z"}}
{"data":{},"info":{"category":"","code":"","extra":{},"invocation_id":"019f93d2-1e4c-74b1-aa2e-d47bc327505c","level":"debug","msg":"License from file C:\\Users\\thoma\\.dbt\\license.trial is in refresh window, attempting remote refresh","name":"Generic","pid":15244,"thread":"tokio-rt-worker","ts":"2026-07-24T11:10:52.198144Z"}}
{"data":{},"info":{"category":"","code":"","extra":{},"invocation_id":"019f93d2-1e4c-74b1-aa2e-d47bc327505c","level":"debug","msg":"Requesting trial license from https://cloud.getdbt.com/api/private/trial-licenses/","name":"Generic","pid":15244,"thread":"main","ts":"2026-07-24T11:10:52.677036Z"}}
{"data":{},"info":{"category":"","code":"","extra":{},"invocation_id":"019f93d2-1e4c-74b1-aa2e-d47bc327505c","level":"debug","msg":"Trial license retrieved","name":"Generic","pid":15244,"thread":"main","ts":"2026-07-24T11:10:53.039696Z"}}
{"data":{},"info":{"category":"","code":"","extra":{},"invocation_id":"019f93d2-1e4c-74b1-aa2e-d47bc327505c","level":"debug","msg":"License loaded from trial license server","name":"Generic","pid":15244,"thread":"tokio-rt-worker","ts":"2026-07-24T11:10:53.483672Z"}}
{"data":{"columns":[],"is_inline":true,"node_name":"license_info","output_format":"json","preview":"{\n  \"status\": \"valid\",\n  \"licensing_enabled\": true,\n  \"features\": [\n    \"compare\",\n    \"strict-static-analysis\"\n  ],\n  \"issued_at\": \"2026-07-24T11:10:53+00:00\",\n  \"expires_at\": \"2026-08-05T20:37:49+00:00\",\n  \"license_type\": \"trial\",\n  \"machine_id\": \"a3dc093b3d62db1e4562bd1ac58b1d60d2d44c7ec1086e5be854648612b16dc1\",\n  \"days_remaining\": 12,\n  \"trial_start_date\": \"2026-07-22T20:37:49+00:00\"\n}","unique_id":"license.info"},"info":{"category":"","code":"Q041","extra":{},"invocation_id":"019f93d2-1e4c-74b1-aa2e-d47bc327505c","level":"info","msg":"{\n  \"status\": \"valid\",\n  \"licensing_enabled\": true,\n  \"features\": [\n    \"compare\",\n    \"strict-static-analysis\"\n  ],\n  \"issued_at\": \"2026-07-24T11:10:53+00:00\",\n  \"expires_at\": \"2026-08-05T20:37:49+00:00\",\n  \"license_type\": \"trial\",\n  \"machine_id\": \"a3dc093b3d62db1e4562bd1ac58b1d60d2d44c7ec1086e5be854648612b16dc1\",\n  \"days_remaining\": 12,\n  \"trial_start_date\": \"2026-07-22T20:37:49+00:00\"\n}","name":"ShowNode","pid":15244,"thread":"tokio-rt-worker","ts":"2026-07-24T11:10:53.897305Z"}}
{"data":{"completed_at":"2026-07-24T11:10:53.933877Z","elapsed":4.616698741912842,"success":true},"info":{"category":"","code":"Q039","extra":{},"invocation_id":"019f93d2-1e4c-74b1-aa2e-d47bc327505c","level":"info","msg":"\n==================== Execution Summary =====================\nFinished 'license' successfully [4.6s]","name":"CommandCompleted","pid":15244,"thread":"tokio-rt-worker","ts":"2026-07-24T11:10:53.937470Z"}}
[0m12:21:17.047072 [debug] [MainThread]: Sending event: {'category': 'dbt', 'action': 'invocation', 'label': 'start', 'context': [<snowplow_tracker.self_describing_json.SelfDescribingJson object at 0x0000020235224580>, <snowplow_tracker.self_describing_json.SelfDescribingJson object at 0x00000202374C6040>, <snowplow_tracker.self_describing_json.SelfDescribingJson object at 0x00000202374C6FA0>]}


============================== 12:21:17.052073 | e0eed199-956f-40fb-852f-866090b98a92 ==============================
[0m12:21:17.052073 [info ] [MainThread]: Running with dbt=1.10.13
[0m12:21:17.053109 [debug] [MainThread]: running dbt with arguments {'use_experimental_parser': 'False', 'send_anonymous_usage_stats': 'True', 'warn_error': 'None', 'quiet': 'False', 'invocation_command': 'dbt debug', 'log_path': 'logs', 'log_format': 'default', 'write_json': 'True', 'indirect_selection': 'eager', 'cache_selected_only': 'False', 'target_path': 'None', 'profiles_dir': 'C:\\Users\\thoma\\.dbt', 'printer_width': '80', 'use_colors': 'True', 'introspect': 'True', 'fail_fast': 'False', 'log_cache_events': 'False', 'empty': 'None', 'partial_parse': 'True', 'static_parser': 'True', 'debug': 'False', 'version_check': 'True', 'no_print': 'None', 'warn_error_options': 'WarnErrorOptionsV2(error=[], warn=[], silence=[])'}
[0m12:21:17.086233 [info ] [MainThread]: dbt version: 1.10.13
[0m12:21:17.086233 [info ] [MainThread]: python version: 3.9.2
[0m12:21:17.087226 [info ] [MainThread]: python path: c:\users\thoma\documents\pbi_git\football_databricks\.venv\scripts\python.exe
[0m12:21:17.088227 [info ] [MainThread]: os info: Windows-10-10.0.26100-SP0
[0m12:21:17.839743 [debug] [MainThread]: Spark adapter: Setting pyhive.hive logging to ERROR
[0m12:21:17.839743 [debug] [MainThread]: Spark adapter: Setting thrift.transport logging to ERROR
[0m12:21:17.839743 [debug] [MainThread]: Spark adapter: Setting thrift.protocol logging to ERROR
[0m12:21:19.005794 [info ] [MainThread]: Using profiles dir at C:\Users\thoma\.dbt
[0m12:21:19.006791 [info ] [MainThread]: Using profiles.yml file at C:\Users\thoma\.dbt\profiles.yml
[0m12:21:19.006791 [info ] [MainThread]: Using dbt_project.yml file at C:\Users\thoma\Documents\PBI_GIT\football_snowflake\dbt_project.yml
[0m12:21:19.007793 [error] [MainThread]: Encountered an error:
Internal Error
  Profile should not be None if loading profile completed
[0m12:21:19.007793 [debug] [MainThread]: Command `dbt debug` failed at 12:21:19.007793 after 2.04 seconds
[0m12:21:19.007793 [debug] [MainThread]: Sending event: {'category': 'dbt', 'action': 'invocation', 'label': 'end', 'context': [<snowplow_tracker.self_describing_json.SelfDescribingJson object at 0x0000020235224580>, <snowplow_tracker.self_describing_json.SelfDescribingJson object at 0x0000020237560A30>, <snowplow_tracker.self_describing_json.SelfDescribingJson object at 0x00000202493B13A0>]}
[0m12:21:19.009304 [debug] [MainThread]: Flushing usage events
[0m12:21:19.501160 [debug] [MainThread]: An error was encountered while trying to flush usage events
{"data":{"log_version":3,"version":"=2.0.0-preview.200"},"info":{"category":"","code":"A001","extra":{},"invocation_id":"019f93f3-66eb-7092-bbe6-f092d3a84051","level":"info","msg":"Running with dbt-fusion=2.0.0-preview.200","name":"MainReportVersion","pid":17344,"thread":"tokio-rt-worker","ts":"2026-07-24T11:47:10.392862Z"}}
{"data":{"args":{"debug":"false","invocation_command":"C:\\Users\\thoma\\.local\\bin\\dbt.exe license info --json --log-format json","log_format":"json","quiet":"false","write_json":"true"}},"info":{"category":"","code":"A002","extra":{},"invocation_id":"019f93f3-66eb-7092-bbe6-f092d3a84051","level":"debug","msg":"running dbt-fusion with arguments {\"command\":\"license\",\"vars\":\"{}\",\"limit\":\"10\",\"debug\":false,\"log_format\":\"json\",\"quiet\":false,\"write_json\":true,\"write_catalog\":false,\"manage_state\":false}","name":"MainReportArgs","pid":17344,"thread":"tokio-rt-worker","ts":"2026-07-24T11:47:10.393394Z"}}
{"data":{},"info":{"category":"","code":"","extra":{},"invocation_id":"019f93f3-66eb-7092-bbe6-f092d3a84051","level":"debug","msg":"No platform credentials found, skipping remote license","name":"Generic","pid":17344,"thread":"tokio-rt-worker","ts":"2026-07-24T11:47:10.569478Z"}}
{"data":{},"info":{"category":"","code":"","extra":{},"invocation_id":"019f93f3-66eb-7092-bbe6-f092d3a84051","level":"debug","msg":"License loaded from file C:\\Users\\thoma\\.dbt\\license.trial","name":"Generic","pid":17344,"thread":"tokio-rt-worker","ts":"2026-07-24T11:47:13.495133Z"}}
{"data":{"columns":[],"is_inline":true,"node_name":"license_info","output_format":"json","preview":"{\n  \"status\": \"valid\",\n  \"licensing_enabled\": true,\n  \"features\": [\n    \"compare\",\n    \"strict-static-analysis\"\n  ],\n  \"issued_at\": \"2026-07-24T11:10:53+00:00\",\n  \"expires_at\": \"2026-08-05T20:37:49+00:00\",\n  \"license_type\": \"trial\",\n  \"machine_id\": \"a3dc093b3d62db1e4562bd1ac58b1d60d2d44c7ec1086e5be854648612b16dc1\",\n  \"days_remaining\": 12,\n  \"trial_start_date\": \"2026-07-22T20:37:49+00:00\"\n}","unique_id":"license.info"},"info":{"category":"","code":"Q041","extra":{},"invocation_id":"019f93f3-66eb-7092-bbe6-f092d3a84051","level":"info","msg":"{\n  \"status\": \"valid\",\n  \"licensing_enabled\": true,\n  \"features\": [\n    \"compare\",\n    \"strict-static-analysis\"\n  ],\n  \"issued_at\": \"2026-07-24T11:10:53+00:00\",\n  \"expires_at\": \"2026-08-05T20:37:49+00:00\",\n  \"license_type\": \"trial\",\n  \"machine_id\": \"a3dc093b3d62db1e4562bd1ac58b1d60d2d44c7ec1086e5be854648612b16dc1\",\n  \"days_remaining\": 12,\n  \"trial_start_date\": \"2026-07-22T20:37:49+00:00\"\n}","name":"ShowNode","pid":17344,"thread":"tokio-rt-worker","ts":"2026-07-24T11:47:14.270793Z"}}
{"data":{"completed_at":"2026-07-24T11:47:14.325517Z","elapsed":3.940284252166748,"success":true},"info":{"category":"","code":"Q039","extra":{},"invocation_id":"019f93f3-66eb-7092-bbe6-f092d3a84051","level":"info","msg":"\n==================== Execution Summary =====================\nFinished 'license' successfully [3.9s]","name":"CommandCompleted","pid":17344,"thread":"tokio-rt-worker","ts":"2026-07-24T11:47:14.331045Z"}}
{"data":{"log_version":3,"version":"=2.0.0-preview.200"},"info":{"category":"","code":"A001","extra":{},"invocation_id":"019f9895-9d5d-7af0-8fdb-872451ae2577","level":"info","msg":"Running with dbt-fusion=2.0.0-preview.200","name":"MainReportVersion","pid":19640,"thread":"tokio-rt-worker","ts":"2026-07-25T09:22:49.955080Z"}}
{"data":{"args":{"debug":"false","invocation_command":"C:\\Users\\thoma\\.local\\bin\\dbt.exe license info --json --log-format json","log_format":"json","quiet":"false","write_json":"true"}},"info":{"category":"","code":"A002","extra":{},"invocation_id":"019f9895-9d5d-7af0-8fdb-872451ae2577","level":"debug","msg":"running dbt-fusion with arguments {\"command\":\"license\",\"vars\":\"{}\",\"limit\":\"10\",\"debug\":false,\"log_format\":\"json\",\"quiet\":false,\"write_json\":true,\"write_catalog\":false,\"manage_state\":false}","name":"MainReportArgs","pid":19640,"thread":"tokio-rt-worker","ts":"2026-07-25T09:22:49.955523Z"}}
{"data":{},"info":{"category":"","code":"","extra":{},"invocation_id":"019f9895-9d5d-7af0-8fdb-872451ae2577","level":"debug","msg":"No platform credentials found, skipping remote license","name":"Generic","pid":19640,"thread":"tokio-rt-worker","ts":"2026-07-25T09:22:50.096066Z"}}
{"data":{},"info":{"category":"","code":"","extra":{},"invocation_id":"019f9895-9d5d-7af0-8fdb-872451ae2577","level":"debug","msg":"License from file C:\\Users\\thoma\\.dbt\\license.trial is in refresh window, attempting remote refresh","name":"Generic","pid":19640,"thread":"tokio-rt-worker","ts":"2026-07-25T09:22:51.960613Z"}}
{"data":{},"info":{"category":"","code":"","extra":{},"invocation_id":"019f9895-9d5d-7af0-8fdb-872451ae2577","level":"debug","msg":"Requesting trial license from https://cloud.getdbt.com/api/private/trial-licenses/","name":"Generic","pid":19640,"thread":"main","ts":"2026-07-25T09:22:52.970923Z"}}
{"data":{},"info":{"category":"","code":"","extra":{},"invocation_id":"019f9895-9d5d-7af0-8fdb-872451ae2577","level":"debug","msg":"Trial license retrieved","name":"Generic","pid":19640,"thread":"main","ts":"2026-07-25T09:22:55.928890Z"}}
{"data":{},"info":{"category":"","code":"","extra":{},"invocation_id":"019f9895-9d5d-7af0-8fdb-872451ae2577","level":"debug","msg":"License loaded from trial license server","name":"Generic","pid":19640,"thread":"tokio-rt-worker","ts":"2026-07-25T09:22:56.742514Z"}}
{"data":{"columns":[],"is_inline":true,"node_name":"license_info","output_format":"json","preview":"{\n  \"status\": \"valid\",\n  \"licensing_enabled\": true,\n  \"features\": [\n    \"compare\",\n    \"strict-static-analysis\"\n  ],\n  \"issued_at\": \"2026-07-25T09:22:55+00:00\",\n  \"expires_at\": \"2026-08-05T20:37:49+00:00\",\n  \"license_type\": \"trial\",\n  \"machine_id\": \"a3dc093b3d62db1e4562bd1ac58b1d60d2d44c7ec1086e5be854648612b16dc1\",\n  \"days_remaining\": 11,\n  \"trial_start_date\": \"2026-07-22T20:37:49+00:00\"\n}","unique_id":"license.info"},"info":{"category":"","code":"Q041","extra":{},"invocation_id":"019f9895-9d5d-7af0-8fdb-872451ae2577","level":"info","msg":"{\n  \"status\": \"valid\",\n  \"licensing_enabled\": true,\n  \"features\": [\n    \"compare\",\n    \"strict-static-analysis\"\n  ],\n  \"issued_at\": \"2026-07-25T09:22:55+00:00\",\n  \"expires_at\": \"2026-08-05T20:37:49+00:00\",\n  \"license_type\": \"trial\",\n  \"machine_id\": \"a3dc093b3d62db1e4562bd1ac58b1d60d2d44c7ec1086e5be854648612b16dc1\",\n  \"days_remaining\": 11,\n  \"trial_start_date\": \"2026-07-22T20:37:49+00:00\"\n}","name":"ShowNode","pid":19640,"thread":"tokio-rt-worker","ts":"2026-07-25T09:22:58.160092Z"}}
{"data":{"completed_at":"2026-07-25T09:22:58.269201Z","elapsed":8.320902824401855,"success":true},"info":{"category":"","code":"Q039","extra":{},"invocation_id":"019f9895-9d5d-7af0-8fdb-872451ae2577","level":"info","msg":"\n==================== Execution Summary =====================\nFinished 'license' successfully [8.3s]","name":"CommandCompleted","pid":19640,"thread":"tokio-rt-worker","ts":"2026-07-25T09:22:58.284930Z"}}
